[0320/115624.368:ERROR:gpu_init.cc(426)] Passthrough is not supported, GL is disabled
[0320/115817.123:WARNING:angle_platform_impl.cc(48)] HLSLCompiler.cpp:257 (compileToBinary): 
C:\fakepath(102,1-6): warning X4000: use of potentially uninitialized variable (dyn_index_vec4_float4)

[0320/115817.309:WARNING:angle_platform_impl.cc(48)] HLSLCompiler.cpp:257 (compileToBinary): 
C:\fakepath(135,1): warning X4000: use of potentially uninitialized variable (f_i)
C:\fakepath(137,1): warning X4000: use of potentially uninitialized variable (f_i)
C:\fakepath(173,1): warning X4000: use of potentially uninitialized variable (f_u)

[0320/115817.741:WARNING:angle_platform_impl.cc(48)] HLSLCompiler.cpp:257 (compileToBinary): 
C:\fakepath(165,1): warning X4000: use of potentially uninitialized variable (f_renderMipMapLevel)

[0320/115818.221:ERROR:gl_utils.cc(314)] [.WebGL-00000286D5976700] GL_INVALID_OPERATION: Two textures of different types use the same sampler location.
[0320/115818.300:ERROR:gl_utils.cc(314)] [.WebGL-00000286D5976700] GL_INVALID_OPERATION: Two textures of different types use the same sampler location.
[0320/115831.541:WARNING:angle_platform_impl.cc(48)] HLSLCompiler.cpp:257 (compileToBinary): 
C:\fakepath(102,1-6): warning X4000: use of potentially uninitialized variable (dyn_index_vec4_float4)

[0320/115831.668:WARNING:angle_platform_impl.cc(48)] HLSLCompiler.cpp:257 (compileToBinary): 
C:\fakepath(135,1): warning X4000: use of potentially uninitialized variable (f_i)
C:\fakepath(137,1): warning X4000: use of potentially uninitialized variable (f_i)
C:\fakepath(173,1): warning X4000: use of potentially uninitialized variable (f_u)

[0320/115831.920:WARNING:angle_platform_impl.cc(48)] HLSLCompiler.cpp:257 (compileToBinary): 
C:\fakepath(165,1): warning X4000: use of potentially uninitialized variable (f_renderMipMapLevel)

[0320/115832.263:ERROR:gl_utils.cc(314)] [.WebGL-00000286D5976D80] GL_INVALID_OPERATION: Two textures of different types use the same sampler location.
[0320/115832.354:ERROR:gl_utils.cc(314)] [.WebGL-00000286D5976D80] GL_INVALID_OPERATION: Two textures of different types use the same sampler location.
[0320/120943.463:WARNING:angle_platform_impl.cc(48)] HLSLCompiler.cpp:257 (compileToBinary): 
C:\fakepath(102,1-6): warning X4000: use of potentially uninitialized variable (dyn_index_vec4_float4)

[0320/120943.678:WARNING:angle_platform_impl.cc(48)] HLSLCompiler.cpp:257 (compileToBinary): 
C:\fakepath(135,1): warning X4000: use of potentially uninitialized variable (f_i)
C:\fakepath(137,1): warning X4000: use of potentially uninitialized variable (f_i)
C:\fakepath(173,1): warning X4000: use of potentially uninitialized variable (f_u)

[0320/120944.539:WARNING:angle_platform_impl.cc(48)] HLSLCompiler.cpp:257 (compileToBinary): 
C:\fakepath(165,1): warning X4000: use of potentially uninitialized variable (f_renderMipMapLevel)

[0320/121701.340:WARNING:angle_platform_impl.cc(48)] HLSLCompiler.cpp:257 (compileToBinary): 
C:\fakepath(102,1-6): warning X4000: use of potentially uninitialized variable (dyn_index_vec4_float4)

[0320/121701.533:WARNING:angle_platform_impl.cc(48)] HLSLCompiler.cpp:257 (compileToBinary): 
C:\fakepath(135,1): warning X4000: use of potentially uninitialized variable (f_i)
C:\fakepath(137,1): warning X4000: use of potentially uninitialized variable (f_i)
C:\fakepath(173,1): warning X4000: use of potentially uninitialized variable (f_u)

[0320/121701.963:WARNING:angle_platform_impl.cc(48)] HLSLCompiler.cpp:257 (compileToBinary): 
C:\fakepath(165,1): warning X4000: use of potentially uninitialized variable (f_renderMipMapLevel)

[0320/121702.348:ERROR:gl_utils.cc(314)] [.WebGL-0000048C9FB68200] GL_INVALID_OPERATION: Two textures of different types use the same sampler location.
[0320/121702.348:ERROR:gl_utils.cc(314)] [.WebGL-0000048C9FB68200] GL_INVALID_OPERATION: Two textures of different types use the same sampler location.
[0320/121702.349:ERROR:gl_utils.cc(314)] [.WebGL-0000048C9FB68200] GL_INVALID_OPERATION: Two textures of different types use the same sampler location.
[0320/121702.349:ERROR:gl_utils.cc(314)] [.WebGL-0000048C9FB68200] GL_INVALID_OPERATION: Two textures of different types use the same sampler location.
[0320/123924.207:WARNING:angle_platform_impl.cc(48)] HLSLCompiler.cpp:257 (compileToBinary): 
C:\fakepath(102,1-6): warning X4000: use of potentially uninitialized variable (dyn_index_vec4_float4)

[0320/123924.391:WARNING:angle_platform_impl.cc(48)] HLSLCompiler.cpp:257 (compileToBinary): 
C:\fakepath(135,1): warning X4000: use of potentially uninitialized variable (f_i)
C:\fakepath(137,1): warning X4000: use of potentially uninitialized variable (f_i)
C:\fakepath(173,1): warning X4000: use of potentially uninitialized variable (f_u)

[0320/123924.839:WARNING:angle_platform_impl.cc(48)] HLSLCompiler.cpp:257 (compileToBinary): 
C:\fakepath(165,1): warning X4000: use of potentially uninitialized variable (f_renderMipMapLevel)

[0320/123925.038:WARNING:angle_platform_impl.cc(48)] HLSLCompiler.cpp:257 (compileToBinary): 
C:\fakepath(381,10-38): warning X4008: floating point division by zero
C:\fakepath(381,10-38): warning X4008: floating point division by zero

[0320/123925.144:ERROR:gl_utils.cc(314)] [.WebGL-0000074CC0164780] GL_INVALID_OPERATION: Two textures of different types use the same sampler location.
[0320/123925.144:ERROR:gl_utils.cc(314)] [.WebGL-0000074CC0164780] GL_INVALID_OPERATION: Two textures of different types use the same sampler location.
[0320/123925.144:ERROR:gl_utils.cc(314)] [.WebGL-0000074CC0164780] GL_INVALID_OPERATION: Two textures of different types use the same sampler location.
[0320/123925.244:ERROR:gl_utils.cc(314)] [.WebGL-0000074CC0164780] GL_INVALID_OPERATION: Two textures of different types use the same sampler location.
[0320/123925.244:ERROR:gl_utils.cc(314)] [.WebGL-0000074CC0164780] GL_INVALID_OPERATION: Two textures of different types use the same sampler location.
[0320/123925.244:ERROR:gl_utils.cc(314)] [.WebGL-0000074CC0164780] GL_INVALID_OPERATION: Two textures of different types use the same sampler location.
